目標：每種盤面 300 張

5×5（技巧 1，以第 1 關為樣本）
  合法排列數（解空間地板）: 14
  產出不重複盤面: 300
  重複撞擊: 18 次   生成失敗: 1003 次
  耗時: 26.9s   平均每張 89.5ms

6×6（技巧 1，以第 4 關為樣本）
  合法排列數（解空間地板）: 90
  產出不重複盤面: 300
  重複撞擊: 68 次   生成失敗: 23776 次
  耗時: 924.8s   平均每張 3082.6ms

6×6（技巧 2，以第 7 關為樣本）
  合法排列數（解空間地板）: 90
  產出不重複盤面: 300
  重複撞擊: 0 次   生成失敗: 0 次
  耗時: 1.4s   平均每張 4.5ms

7×7（技巧 2，以第 8 關為樣本）
  合法排列數（解空間地板）: 646
  產出不重複盤面: 300
  重複撞擊: 0 次   生成失敗: 13 次
  耗時: 6.5s   平均每張 21.7ms

8×8（技巧 2，以第 12 關為樣本）
  合法排列數（解空間地板）: 5,242
  產出不重複盤面: 300
  重複撞擊: 0 次   生成失敗: 78 次
  耗時: 33.8s   平均每張 112.6ms

9×9（技巧 3，以第 17 關為樣本）
  合法排列數（解空間地板）: 47,622
  產出不重複盤面: 300
  重複撞擊: 0 次   生成失敗: 0 次
  耗時: 13.4s   平均每張 44.6ms

10×10（技巧 3，以第 18 關為樣本）
  合法排列數（解空間地板）: 479,306
  產出不重複盤面: 300
  重複撞擊: 0 次   生成失敗: 0 次
  耗時: 116.0s   平均每張 386.6ms

